// Jest Snapshot v1, https://goo.gl/fbAQLP

exports[`Channel Info renders correctly 1`] = `
<DocumentFragment>
  <div
    class="flex my-4 mb-8 items-center"
  >
    <img
      alt="name"
      class="w-10 h-10 rounded-full"
      src="https://fake-url.jpg"
    />
    <p
      class="text-lg font-medium ml-2"
    >
      name
    </p>
  </div>
</DocumentFragment>
`;
